// 由 sv-compiler 生成,请勿手改。
#[allow(unused_variables, unused_mut, unused_braces, unused_parens, clippy::all)]
pub fn multiclosure(doc: &::sv_ui::Doc, parent: ::sv_ui::ViewId) {
    let __doc: ::sv_ui::Doc = doc.clone();
    let __parent = parent;
    let label = String::from("hi");
    let items = ::sv_reactive::state(vec![String::from("a")]);
    {
        let label = ::std::clone::Clone::clone(&label);
        let __el1 = __doc.create_view();
        __doc.append(__parent, __el1);
        {
            let __parent = __el1;
            {
                let label = ::std::clone::Clone::clone(&label);
                ::sv_ui::if_block(
                    &__doc,
                    __parent,
                    {
                        let label = ::std::clone::Clone::clone(&label);
                        move || label.is_empty()
                    },
                    {
                        let label = ::std::clone::Clone::clone(&label);
                        move |__doc, __parent| {
                            let __doc: ::sv_ui::Doc = __doc.clone();
                            let label = ::std::clone::Clone::clone(&label);
                            {
                                let label = ::std::clone::Clone::clone(&label);
                                let __el2 = __doc.create_text("");
                                ::sv_ui::bind_text(
                                    &__doc,
                                    __el2,
                                    move || {
                                        let mut __s = ::std::string::String::new();
                                        __s.push_str(&(label).to_string());
                                        __s
                                    },
                                );
                                __doc.append(__parent, __el2);
                            }
                        }
                    },
                    {
                        let label = ::std::clone::Clone::clone(&label);
                        move |__doc, __parent| {
                            let __doc: ::sv_ui::Doc = __doc.clone();
                            let label = ::std::clone::Clone::clone(&label);
                            ::sv_ui::if_block(
                                &__doc,
                                __parent,
                                {
                                    let label = ::std::clone::Clone::clone(&label);
                                    move || label.len() > 3
                                },
                                {
                                    let label = ::std::clone::Clone::clone(&label);
                                    move |__doc, __parent| {
                                        let __doc: ::sv_ui::Doc = __doc.clone();
                                        let label = ::std::clone::Clone::clone(&label);
                                        {
                                            let label = ::std::clone::Clone::clone(&label);
                                            let __el3 = __doc.create_text("");
                                            ::sv_ui::bind_text(
                                                &__doc,
                                                __el3,
                                                move || {
                                                    let mut __s = ::std::string::String::new();
                                                    __s.push_str(&(label).to_string());
                                                    __s
                                                },
                                            );
                                            __doc.append(__parent, __el3);
                                        }
                                    }
                                },
                                {
                                    let label = ::std::clone::Clone::clone(&label);
                                    move |__doc, __parent| {
                                        let __doc: ::sv_ui::Doc = __doc.clone();
                                        let label = ::std::clone::Clone::clone(&label);
                                        {
                                            let label = ::std::clone::Clone::clone(&label);
                                            let __el4 = __doc.create_text("");
                                            ::sv_ui::bind_text(
                                                &__doc,
                                                __el4,
                                                move || {
                                                    let mut __s = ::std::string::String::new();
                                                    __s.push_str(&(label).to_string());
                                                    __s
                                                },
                                            );
                                            __doc.append(__parent, __el4);
                                        }
                                    }
                                },
                            );
                        }
                    },
                );
            }
            {
                let label = ::std::clone::Clone::clone(&label);
                ::sv_ui::tasks::await_block_result(
                    &__doc,
                    __parent,
                    {
                        let label = ::std::clone::Clone::clone(&label);
                        move || load(label.clone())
                    },
                    {
                        let label = ::std::clone::Clone::clone(&label);
                        move |__doc, __parent| {
                            let __doc: ::sv_ui::Doc = __doc.clone();
                            let label = ::std::clone::Clone::clone(&label);
                            {
                                let label = ::std::clone::Clone::clone(&label);
                                let __el5 = __doc.create_text("");
                                ::sv_ui::bind_text(
                                    &__doc,
                                    __el5,
                                    move || {
                                        let mut __s = ::std::string::String::new();
                                        __s.push_str(&(label).to_string());
                                        __s
                                    },
                                );
                                __doc.append(__parent, __el5);
                            }
                        }
                    },
                    {
                        let label = ::std::clone::Clone::clone(&label);
                        move |__doc, __parent, __value| {
                            let __doc: ::sv_ui::Doc = __doc.clone();
                            let label = ::std::clone::Clone::clone(&label);
                            let _v = ::std::clone::Clone::clone(__value);
                            {
                                let label = ::std::clone::Clone::clone(&label);
                                let __el6 = __doc.create_text("");
                                ::sv_ui::bind_text(
                                    &__doc,
                                    __el6,
                                    move || {
                                        let mut __s = ::std::string::String::new();
                                        __s.push_str(&(label).to_string());
                                        __s
                                    },
                                );
                                __doc.append(__parent, __el6);
                            }
                        }
                    },
                    {
                        let label = ::std::clone::Clone::clone(&label);
                        move |__doc, __parent, __value| {
                            let __doc: ::sv_ui::Doc = __doc.clone();
                            let label = ::std::clone::Clone::clone(&label);
                            let _e = ::std::clone::Clone::clone(__value);
                            {
                                let label = ::std::clone::Clone::clone(&label);
                                let __el7 = __doc.create_text("");
                                ::sv_ui::bind_text(
                                    &__doc,
                                    __el7,
                                    move || {
                                        let mut __s = ::std::string::String::new();
                                        __s.push_str(&(label).to_string());
                                        __s
                                    },
                                );
                                __doc.append(__parent, __el7);
                            }
                        }
                    },
                );
            }
            {
                let label = ::std::clone::Clone::clone(&label);
                ::sv_ui::key_block(
                    &__doc,
                    __parent,
                    {
                        let label = ::std::clone::Clone::clone(&label);
                        move || ::std::clone::Clone::clone(&(label.len()))
                    },
                    {
                        let label = ::std::clone::Clone::clone(&label);
                        move |__doc, __parent| {
                            let __doc: ::sv_ui::Doc = __doc.clone();
                            let label = ::std::clone::Clone::clone(&label);
                            {
                                let label = ::std::clone::Clone::clone(&label);
                                let __el8 = __doc.create_text("");
                                ::sv_ui::bind_text(
                                    &__doc,
                                    __el8,
                                    move || {
                                        let mut __s = ::std::string::String::new();
                                        __s.push_str(&(label).to_string());
                                        __s
                                    },
                                );
                                __doc.append(__parent, __el8);
                            }
                        }
                    },
                );
            }
            {
                let label = ::std::clone::Clone::clone(&label);
                ::sv_ui::each_block(
                    &__doc,
                    __parent,
                    {
                        let label = ::std::clone::Clone::clone(&label);
                        move || ::std::clone::Clone::clone(&(make(label.clone())))
                    },
                    {
                        let label = ::std::clone::Clone::clone(&label);
                        move |__doc, __parent, __item, __index| {
                            let __doc: ::sv_ui::Doc = __doc.clone();
                            let label = ::std::clone::Clone::clone(&label);
                            let it = ::std::clone::Clone::clone(__item);
                            let _ = __index;
                            {
                                let it = ::std::clone::Clone::clone(&it);
                                let label = ::std::clone::Clone::clone(&label);
                                let __el9 = __doc.create_text("");
                                ::sv_ui::bind_text(
                                    &__doc,
                                    __el9,
                                    move || {
                                        let mut __s = ::std::string::String::new();
                                        __s.push_str(&(it).to_string());
                                        __s.push_str(": ");
                                        __s.push_str(&(label).to_string());
                                        __s
                                    },
                                );
                                __doc.append(__parent, __el9);
                            }
                        }
                    },
                );
            }
            {
                let label = ::std::clone::Clone::clone(&label);
                let __el10 = __doc.create_text_input();
                __doc.append(__parent, __el10);
                {
                    let label = ::std::clone::Clone::clone(&label);
                    ::sv_ui::bind_style_patch(
                        &__doc,
                        __el10,
                        move |s| {
                            s.width = Some((label.len() * 8) as f32);
                        },
                    );
                }
                {
                    let label = ::std::clone::Clone::clone(&label);
                    {
                        let __v_doc = __doc.clone();
                        let __v_el = __el10;
                        ::sv_reactive::effect(move || {
                            __v_doc.set_input_value(__v_el, &(label));
                        });
                    }
                }
                {
                    let label = ::std::clone::Clone::clone(&label);
                    {
                        let __a_doc = __doc.clone();
                        let __a_el = __el10;
                        ::sv_reactive::effect(move || {
                            __a_doc.set_accessible_label(__a_el, &(label));
                        });
                    }
                }
                {
                    let label = ::std::clone::Clone::clone(&label);
                    __doc
                        .set_on_input(
                            __el10,
                            move |_v: &str| {
                                let _ = label.len();
                            },
                        );
                }
            }
            {
                let label = ::std::clone::Clone::clone(&label);
                let __el11 = __doc.create_checkbox();
                __doc.append(__parent, __el11);
                {
                    let label = ::std::clone::Clone::clone(&label);
                    {
                        let __c_doc = __doc.clone();
                        let __c_el = __el11;
                        ::sv_reactive::effect(move || {
                            __c_doc.set_checked(__c_el, !label.is_empty());
                        });
                    }
                }
                {
                    let label = ::std::clone::Clone::clone(&label);
                    {
                        let __a_doc = __doc.clone();
                        let __a_el = __el11;
                        ::sv_reactive::effect(move || {
                            __a_doc.set_accessible_label(__a_el, &(label));
                        });
                    }
                }
            }
            {
                let label = ::std::clone::Clone::clone(&label);
                let __el12 = __doc.create_view();
                __doc.append(__parent, __el12);
                {
                    let label = ::std::clone::Clone::clone(&label);
                    {
                        let __a_doc = __doc.clone();
                        let __a_el = __el12;
                        ::sv_reactive::effect(move || {
                            __a_doc.set_accessible_label(__a_el, &(label));
                        });
                    }
                }
                {
                    let label = ::std::clone::Clone::clone(&label);
                    __doc
                        .set_on_click(
                            __el12,
                            move || {
                                let _ = label.len();
                            },
                        );
                }
                {
                    let label = ::std::clone::Clone::clone(&label);
                    {
                        let __a_doc = __doc.clone();
                        let __a_el = __el12;
                        ::sv_reactive::effect(move || {
                            let label = ::std::clone::Clone::clone(&label);
                            (move |doc: &sv_ui::Doc, id: sv_ui::ViewId| {
                                let _keep = label.len();
                                let _ = (doc, id);
                            })(&__a_doc, __a_el);
                        });
                    }
                }
            }
        }
    }
}
